// Jest Snapshot v1, https://goo.gl/fbAQLP

exports[`renders correctly 1`] = `
<div>
  <h1>
    Welcome to dxw's React template!
  </h1>
</div>
`;
