// Jest Snapshot v1, https://goo.gl/fbAQLP

exports[`renders correctly 1`] = `
<html>
  <head>
    <style>
      
              body {
                font-family: "Lucida Sans", "Lucida Sans Regular",
                  "Lucida Grande", "Lucida Sans Unicode", Geneva, Verdana,
                  sans-serif;
              }
            
    </style>
    <meta
      content="0"
      name="next-head-count"
    />
    <link
      as="script"
      href="undefined/_next/static/test-build/pages/test-page.js?ts=1546300800000"
      rel="preload"
    />
    <link
      as="script"
      href="undefined/_next/static/test-build/pages/_app.js?ts=1546300800000"
      rel="preload"
    />
  </head>
  <body>
    <div
      dangerouslySetInnerHTML={
        Object {
          "__html": "<div>test-html</div>",
        }
      }
      id="__next"
    />
    <script
      dangerouslySetInnerHTML={
        Object {
          "__html": "{\\"dataManager\\":\\"test-data-manager\\",\\"props\\":{},\\"page\\":\\"/test-page\\",\\"query\\":{},\\"buildId\\":\\"test-build\\"}",
        }
      }
      id="__NEXT_DATA__"
      type="application/json"
    />
    <script
      async={true}
      data-next-page="/test-page"
      src="undefined/_next/static/test-build/pages/test-page.js?ts=1546300800000"
    />
    <script
      async={true}
      data-next-page="/_app"
      src="undefined/_next/static/test-build/pages/_app.js?ts=1546300800000"
    />
  </body>
</html>
`;
