// Jest Snapshot v1, https://goo.gl/fbAQLP

exports[`renders correctly 1`] = `
Array [
  <p>
    Test content
  </p>,
  <style>
    
        body {
          font-family: "Lucida Sans", "Lucida Sans Regular", "Lucida Grande",
            "Lucida Sans Unicode", Geneva, Verdana, sans-serif;
        }
      
  </style>,
]
`;
